   Ôû▓ Next.js 15.5.6
   - Environments: .env.local
   - Experiments (use with caution):
     ┬À serverActions

   Creating an optimized production build ...
node.exe : [baseline-br
owser-mapping] The 
data in this module is 
over two months old.  
To ensure accurate 
Baseline data, please 
update: `npm i baseline
-browser-mapping@latest
 -D`
En C:\Program 
Files\nodejs\npx.ps1: 
29 Carácter: 3
+   & $NODE_EXE 
$NPX_CLI_JS $args
+   ~~~~~~~~~~~~~~~~~~~
~~~~~~~~~~
    + CategoryInfo     
         : NotSpecifi  
  ed: ([baseline-bro   
 ws...ping@latest -    
D`:String) [], Rem    
oteException
    + FullyQualifiedEr 
   rorId : NativeComm  
  andError
 
 Ô£ô Compiled successfully in 2.0s
   Linting and checking validity of types ...

./app/requests/new/page.tsx
33:46  Warning: Unexpected any. Specify a different type.  @typescript-eslint/no-explicit-any
41:69  Warning: Unexpected any. Specify a different type.  @typescript-eslint/no-explicit-any

./app/requests/[id]/page.tsx
3:10  Warning: 'redirect' is defined but never used.  @typescript-eslint/no-unused-vars
144:9  Warning: 'canForward' is assigned a value but never used.  @typescript-eslint/no-unused-vars

./lib/models/request.ts
319:80  Warning: Unexpected any. Specify a different type.  @typescript-eslint/no-explicit-any

info  - Need to disable some ESLint rules? Learn more here: https://nextjs.org/docs/app/api-reference/config/eslint#disabling-rules
Failed to compile.

./components/requests/R
equestForm.tsx:103:53
Type error: This 
comparison appears to 
be unintentional 
because the types 
'"compra" | "permiso"' 
and '"personalizada"' 
have no overlap.

[0m [90m 101 |[39m  
     )}
 [90m 102 |[39m
[31m[1m>[22m[39m[9
0m 103 |[39m       
{(type [33m===[39m 
[32m'compra'[39m 
[33m||[39m type 
[33m===[39m 
[32m'permiso'[39m) 
[33m&&[39m type 
[33m!==[39m [32m'per
sonalizada'[39m 
[33m&&[39m (
 [90m     |[39m      
                       
                       
 [31m[1m^[22m[39m
 [90m 104 |[39m      
   [33m<[39m[33mInpu
t[39m
 [90m 105 |[39m      
     label[33m=[39m[
32m"Motivo"[39m
 [90m 106 |[39m      
     value[33m=[39m{f
ormData[33m.[39mreaso
n}[0m
Next.js build worker 
exited with code: 1 
and signal: null
