
> procesos-fontan@1.0.0 build
> next build

   Ôû▓ Next.js 15.5.6
   - Environments: .env.local
   - Experiments (use with caution):
     ┬À serverActions

   Creating an optimized production build ...
node.exe : [baseline-br
owser-mapping] The 
data in this module is 
over two months old.  
To ensure accurate 
Baseline data, please 
update: `npm i baseline
-browser-mapping@latest
 -D`
En C:\Program 
Files\nodejs\npm.ps1: 
29 Carácter: 3
+   & $NODE_EXE 
$NPM_CLI_JS $args
+   ~~~~~~~~~~~~~~~~~~~
~~~~~~~~~~
    + CategoryInfo     
         : NotSpecifi  
  ed: ([baseline-bro   
 ws...ping@latest -    
D`:String) [], Rem    
oteException
    + FullyQualifiedEr 
   rorId : NativeComm  
  andError
 
 Ô£ô Compiled successfully in 1749ms
   Linting and checking validity of types ...

Failed to compile.

./app/admin/requests/pa
ge.tsx
9:24  Warning: 'User' 
is defined but never 
used.  @typescript-esli
nt/no-unused-vars

./app/admin/requests/[i
d]/page.tsx
60:42  Warning: 
Unexpected any. 
Specify a different 
type.  @typescript-esli
nt/no-explicit-any

./app/admin/users/page.
tsx
61:14  Warning: 'err' 
is defined but never 
used.  @typescript-esli
nt/no-unused-vars

./app/api/auth/register
/route.ts
43:29  Warning: 
Unexpected any. 
Specify a different 
type.  @typescript-esli
nt/no-explicit-any

./app/api/requests/[id]
/attachments/route.ts
68:12  Warning: 
'error' is defined but 
never used.  @typescrip
t-eslint/no-unused-vars

./app/api/users/route.t
s
24:12  Warning: 
'error' is defined but 
never used.  @typescrip
t-eslint/no-unused-vars

./app/confirm/page.tsx
11:9  Warning: 
'router' is assigned a 
value but never used.  
@typescript-eslint/no-u
nused-vars
35:16  Warning: 'err' 
is defined but never 
used.  @typescript-esli
nt/no-unused-vars

./app/home/page.tsx
3:10  Warning: 
'redirect' is defined 
but never used.  @types
cript-eslint/no-unused-
vars

./app/login/page.tsx
37:14  Warning: 'err' 
is defined but never 
used.  @typescript-esli
nt/no-unused-vars
66:14  Warning: 'err' 
is defined but never 
used.  @typescript-esli
nt/no-unused-vars

./app/page.tsx
37:14  Warning: 'err' 
is defined but never 
used.  @typescript-esli
nt/no-unused-vars
66:14  Warning: 'err' 
is defined but never 
used.  @typescript-esli
nt/no-unused-vars

./app/register/page.tsx
11:9  Warning: 
'router' is assigned a 
value but never used.  
@typescript-eslint/no-u
nused-vars
50:14  Warning: 'err' 
is defined but never 
used.  @typescript-esli
nt/no-unused-vars

./app/requests/my/page.
tsx
41:17  Error: Do not 
use an `<a>` element 
to navigate to 
`/requests/new/`. Use 
`<Link />` from 
`next/link` instead. 
See: https://nextjs.org
/docs/messages/no-html-
link-for-pages  @next/n
ext/no-html-link-for-pa
ges
48:45  Warning: 
Unexpected any. 
Specify a different 
type.  @typescript-esli
nt/no-explicit-any
71:48  Warning: 
Unexpected any. 
Specify a different 
type.  @typescript-esli
nt/no-explicit-any

./app/requests/new/page
.tsx
28:19  Warning: 
Unexpected any. 
Specify a different 
type.  @typescript-esli
nt/no-explicit-any
59:14  Warning: 'err' 
is defined but never 
used.  @typescript-esli
nt/no-unused-vars

./app/requests/pending/
page.tsx
37:35  Warning: 
Unexpected any. 
Specify a different 
type.  @typescript-esli
nt/no-explicit-any

./app/requests/[id]/pag
e.tsx
3:10  Warning: 
'redirect' is defined 
but never used.  @types
cript-eslint/no-unused-
vars
4:10  Warning: 
'getServerUser' is 
defined but never 
used.  @typescript-esli
nt/no-unused-vars
10:10  Warning: 
'RequestModel' is 
defined but never 
used.  @typescript-esli
nt/no-unused-vars
11:10  Warning: 
'AttachmentModel' is 
defined but never 
used.  @typescript-esli
nt/no-unused-vars
146:9  Warning: 
'canForward' is 
assigned a value but 
never used.  @typescrip
t-eslint/no-unused-vars
153:9  Error: Do not 
use an `<a>` element 
to navigate to 
`/requests/my/`. Use 
`<Link />` from 
`next/link` instead. 
See: https://nextjs.org
/docs/messages/no-html-
link-for-pages  @next/n
ext/no-html-link-for-pa
ges
237:45  Warning: 
Unexpected any. 
Specify a different 
type.  @typescript-esli
nt/no-explicit-any

./components/requests/A
pproverSelector.tsx
154:38  Error: `"` can 
be escaped with 
`&quot;`, `&ldquo;`, 
`&#34;`, `&rdquo;`.  re
act/no-unescaped-entiti
es
154:52  Error: `"` can 
be escaped with 
`&quot;`, `&ldquo;`, 
`&#34;`, `&rdquo;`.  re
act/no-unescaped-entiti
es

./components/requests/F
orwardRequestModal.tsx
47:19  Warning: 
Unexpected any. 
Specify a different 
type.  @typescript-esli
nt/no-explicit-any
72:14  Warning: 'err' 
is defined but never 
used.  @typescript-esli
nt/no-unused-vars

./components/requests/R
equestActions.tsx
64:14  Warning: 'err' 
is defined but never 
used.  @typescript-esli
nt/no-unused-vars

./components/requests/R
equestCard.tsx
117:15  Error: `"` can 
be escaped with 
`&quot;`, `&ldquo;`, 
`&#34;`, `&rdquo;`.  re
act/no-unescaped-entiti
es
117:38  Error: `"` can 
be escaped with 
`&quot;`, `&ldquo;`, 
`&#34;`, `&rdquo;`.  re
act/no-unescaped-entiti
es

./lib/email.ts
100:9  Warning: 
'actionBy' is assigned 
a value but never 
used.  @typescript-esli
nt/no-unused-vars
230:1  Warning: Assign 
object to a variable 
before exporting as 
module default  import/
no-anonymous-default-ex
port

./lib/jwt.ts
11:18  Warning: 
Unexpected any. 
Specify a different 
type.  @typescript-esli
nt/no-explicit-any

./lib/models/request.ts
17:7  Warning: 
'custom_flow' is 
assigned a value but 
never used.  @typescrip
t-eslint/no-unused-vars
95:23  Warning: 
Unexpected any. 
Specify a different 
type.  @typescript-esli
nt/no-explicit-any
319:84  Warning: 
Unexpected any. 
Specify a different 
type.  @typescript-esli
nt/no-explicit-any

./lib/utils/get-users-b
y-role.ts
41:1  Warning: Assign 
object to a variable 
before exporting as 
module default  import/
no-anonymous-default-ex
port

info  - Need to 
disable some ESLint 
rules? Learn more 
here: https://nextjs.or
g/docs/app/api-referenc
e/config/eslint#disabli
ng-rules
